EN p_layer NULL /home/ekorletey/Processor/cipher_processor/Present_Cipher_implementation/P_layer.vhd sub00/vhpl08 1675100417
EN straight_through NULL /home/ekorletey/Processor/cipher_processor/Present_Cipher_implementation/straight_through.vhd sub00/vhpl10 1675100413
AR mux behavioral /home/ekorletey/Processor/cipher_processor/Present_Cipher_implementation/MUX.vhd sub00/vhpl03 1675100410
EN count NULL /home/ekorletey/Processor/cipher_processor/Present_Cipher_implementation/counter.vhd sub00/vhpl24 1675100427
EN s_box NULL /home/ekorletey/Processor/cipher_processor/Present_Cipher_implementation/S_box.vhd sub00/vhpl00 1675100415
EN mux_key NULL /home/ekorletey/Processor/cipher_processor/Present_Cipher_implementation/MUX_key.vhd sub00/vhpl17 1675100403
AR sbox behavioral /home/ekorletey/Processor/cipher_processor/Present_Cipher_implementation/sBox.vhd sub00/vhpl15 1675100408
AR reg64 behavioral /home/ekorletey/Processor/cipher_processor/Present_Cipher_implementation/reg64.vhd sub00/vhpl05 1675100412
AR s_box behavioral /home/ekorletey/Processor/cipher_processor/Present_Cipher_implementation/S_box.vhd sub00/vhpl01 1675100416
EN datapath NULL /home/ekorletey/Processor/cipher_processor/Present_Cipher_implementation/DataPath.vhd sub00/vhpl06 1675100419
AR key_scheduler behavioral /home/ekorletey/Processor/cipher_processor/Present_Cipher_implementation/key_scheduler.vhd sub00/vhpl19 1675100422
EN toplevel NULL /home/ekorletey/Processor/cipher_processor/Present_Cipher_implementation/TopLevel.vhd sub00/vhpl21 1675100423
EN cipher_fsm NULL /home/ekorletey/Processor/cipher_processor/Present_Cipher_implementation/presentcipher_controlUnit.vhd sub00/vhpl20 1675100425
EN reg64 NULL /home/ekorletey/Processor/cipher_processor/Present_Cipher_implementation/reg64.vhd sub00/vhpl04 1675100411
EN key_register NULL /home/ekorletey/Processor/cipher_processor/Present_Cipher_implementation/key_register.vhd sub00/vhpl12 1675100405
AR cipher_fsm behavioral /home/ekorletey/Processor/cipher_processor/Present_Cipher_implementation/presentcipher_controlUnit.vhd sub00/vhpl23 1675100426
AR mux_key behavioral /home/ekorletey/Processor/cipher_processor/Present_Cipher_implementation/MUX_key.vhd sub00/vhpl18 1675100404
AR key_register behavioral /home/ekorletey/Processor/cipher_processor/Present_Cipher_implementation/key_register.vhd sub00/vhpl13 1675100406
EN sbox NULL /home/ekorletey/Processor/cipher_processor/Present_Cipher_implementation/sBox.vhd sub00/vhpl14 1675100407
AR toplevel behavioral /home/ekorletey/Processor/cipher_processor/Present_Cipher_implementation/TopLevel.vhd sub00/vhpl22 1675100424
AR encrypter behavioral /home/ekorletey/Processor/cipher_processor/Present_Cipher_implementation/encrypter.vhd sub00/vhpl27 1675100430
EN mux NULL /home/ekorletey/Processor/cipher_processor/Present_Cipher_implementation/MUX.vhd sub00/vhpl02 1675100409
EN key_scheduler NULL /home/ekorletey/Processor/cipher_processor/Present_Cipher_implementation/key_scheduler.vhd sub00/vhpl16 1675100421
AR datapath behavioral /home/ekorletey/Processor/cipher_processor/Present_Cipher_implementation/DataPath.vhd sub00/vhpl07 1675100420
EN encrypter NULL /home/ekorletey/Processor/cipher_processor/Present_Cipher_implementation/encrypter.vhd sub00/vhpl26 1675100429
AR count behavioral /home/ekorletey/Processor/cipher_processor/Present_Cipher_implementation/counter.vhd sub00/vhpl25 1675100428
AR p_layer behavioral /home/ekorletey/Processor/cipher_processor/Present_Cipher_implementation/P_layer.vhd sub00/vhpl09 1675100418
AR straight_through behavioral /home/ekorletey/Processor/cipher_processor/Present_Cipher_implementation/straight_through.vhd sub00/vhpl11 1675100414
