V3 55
FL /home/ekorletey/Processor/cipher_processor/Present_Cipher_implementation/counter.vhd 2022/12/10.10:36:03 P.20131013
EN work/COUNT 1675100427 \
      FL /home/ekorletey/Processor/cipher_processor/Present_Cipher_implementation/counter.vhd \
      PB ieee/std_logic_1164 1381692176 PB ieee/NUMERIC_STD 1381692181
AR work/COUNT/Behavioral 1675100428 \
      FL /home/ekorletey/Processor/cipher_processor/Present_Cipher_implementation/counter.vhd \
      EN work/COUNT 1675100427
FL /home/ekorletey/Processor/cipher_processor/Present_Cipher_implementation/DataPath.vhd 2022/12/10.13:43:08 P.20131013
EN work/DataPath 1675100419 \
      FL /home/ekorletey/Processor/cipher_processor/Present_Cipher_implementation/DataPath.vhd \
      PB ieee/std_logic_1164 1381692176
AR work/DataPath/Behavioral 1675100420 \
      FL /home/ekorletey/Processor/cipher_processor/Present_Cipher_implementation/DataPath.vhd \
      EN work/DataPath 1675100419 CP MUX CP reg64 CP straight_through CP S_box \
      CP P_layer
FL /home/ekorletey/Processor/cipher_processor/Present_Cipher_implementation/encrypter.vhd 2022/12/10.10:55:22 P.20131013
EN work/encrypter 1675100429 \
      FL /home/ekorletey/Processor/cipher_processor/Present_Cipher_implementation/encrypter.vhd \
      PB ieee/std_logic_1164 1381692176
AR work/encrypter/Behavioral 1675100430 \
      FL /home/ekorletey/Processor/cipher_processor/Present_Cipher_implementation/encrypter.vhd \
      EN work/encrypter 1675100429 CP TopLevel CP cipher_fsm CP count
FL /home/ekorletey/Processor/cipher_processor/Present_Cipher_implementation/key_register.vhd 2022/12/08.22:04:49 P.20131013
EN work/key_register 1675100405 \
      FL /home/ekorletey/Processor/cipher_processor/Present_Cipher_implementation/key_register.vhd \
      PB ieee/std_logic_1164 1381692176
AR work/key_register/Behavioral 1675100406 \
      FL /home/ekorletey/Processor/cipher_processor/Present_Cipher_implementation/key_register.vhd \
      EN work/key_register 1675100405
FL /home/ekorletey/Processor/cipher_processor/Present_Cipher_implementation/key_scheduler.vhd 2022/12/09.00:02:45 P.20131013
EN work/key_scheduler 1675100421 \
      FL /home/ekorletey/Processor/cipher_processor/Present_Cipher_implementation/key_scheduler.vhd \
      PB ieee/std_logic_1164 1381692176
AR work/key_scheduler/Behavioral 1675100422 \
      FL /home/ekorletey/Processor/cipher_processor/Present_Cipher_implementation/key_scheduler.vhd \
      EN work/key_scheduler 1675100421 CP MUX_key CP key_register CP sBox
FL /home/ekorletey/Processor/cipher_processor/Present_Cipher_implementation/MUX.vhd 2022/12/08.22:17:40 P.20131013
EN work/MUX 1675100409 \
      FL /home/ekorletey/Processor/cipher_processor/Present_Cipher_implementation/MUX.vhd \
      PB ieee/std_logic_1164 1381692176
AR work/MUX/Behavioral 1675100410 \
      FL /home/ekorletey/Processor/cipher_processor/Present_Cipher_implementation/MUX.vhd \
      EN work/MUX 1675100409
FL /home/ekorletey/Processor/cipher_processor/Present_Cipher_implementation/MUX_key.vhd 2022/12/08.22:18:03 P.20131013
EN work/MUX_key 1675100403 \
      FL /home/ekorletey/Processor/cipher_processor/Present_Cipher_implementation/MUX_key.vhd \
      PB ieee/std_logic_1164 1381692176
AR work/MUX_key/Behavioral 1675100404 \
      FL /home/ekorletey/Processor/cipher_processor/Present_Cipher_implementation/MUX_key.vhd \
      EN work/MUX_key 1675100403
FL /home/ekorletey/Processor/cipher_processor/Present_Cipher_implementation/presentcipher_controlUnit.vhd 2022/12/10.15:02:01 P.20131013
EN work/cipher_fsm 1675100425 \
      FL /home/ekorletey/Processor/cipher_processor/Present_Cipher_implementation/presentcipher_controlUnit.vhd \
      PB ieee/std_logic_1164 1381692176 PB ieee/NUMERIC_STD 1381692181 \
      PB ieee/STD_LOGIC_UNSIGNED 1381692179
AR work/cipher_fsm/Behavioral 1675100426 \
      FL /home/ekorletey/Processor/cipher_processor/Present_Cipher_implementation/presentcipher_controlUnit.vhd \
      EN work/cipher_fsm 1675100425
FL /home/ekorletey/Processor/cipher_processor/Present_Cipher_implementation/P_layer.vhd 2022/12/07.18:56:48 P.20131013
EN work/P_layer 1675100417 \
      FL /home/ekorletey/Processor/cipher_processor/Present_Cipher_implementation/P_layer.vhd \
      PB ieee/std_logic_1164 1381692176
AR work/P_layer/Behavioral 1675100418 \
      FL /home/ekorletey/Processor/cipher_processor/Present_Cipher_implementation/P_layer.vhd \
      EN work/P_layer 1675100417
FL /home/ekorletey/Processor/cipher_processor/Present_Cipher_implementation/reg64.vhd 2022/11/28.09:50:26 P.20131013
EN work/reg64 1675100411 \
      FL /home/ekorletey/Processor/cipher_processor/Present_Cipher_implementation/reg64.vhd \
      PB ieee/std_logic_1164 1381692176
AR work/reg64/Behavioral 1675100412 \
      FL /home/ekorletey/Processor/cipher_processor/Present_Cipher_implementation/reg64.vhd \
      EN work/reg64 1675100411
FL /home/ekorletey/Processor/cipher_processor/Present_Cipher_implementation/sBox.vhd 2022/12/08.22:08:30 P.20131013
EN work/sBox 1675100407 \
      FL /home/ekorletey/Processor/cipher_processor/Present_Cipher_implementation/sBox.vhd \
      PB ieee/std_logic_1164 1381692176
AR work/sBox/Behavioral 1675100408 \
      FL /home/ekorletey/Processor/cipher_processor/Present_Cipher_implementation/sBox.vhd \
      EN work/sBox 1675100407
FL /home/ekorletey/Processor/cipher_processor/Present_Cipher_implementation/straight_through.vhd 2022/12/07.17:55:41 P.20131013
EN work/straight_through 1675100413 \
      FL /home/ekorletey/Processor/cipher_processor/Present_Cipher_implementation/straight_through.vhd \
      PB ieee/std_logic_1164 1381692176
AR work/straight_through/Behavioral 1675100414 \
      FL /home/ekorletey/Processor/cipher_processor/Present_Cipher_implementation/straight_through.vhd \
      EN work/straight_through 1675100413
FL /home/ekorletey/Processor/cipher_processor/Present_Cipher_implementation/S_box.vhd 2022/11/28.02:19:41 P.20131013
EN work/S_box 1675100415 \
      FL /home/ekorletey/Processor/cipher_processor/Present_Cipher_implementation/S_box.vhd \
      PB ieee/std_logic_1164 1381692176
AR work/S_box/Behavioral 1675100416 \
      FL /home/ekorletey/Processor/cipher_processor/Present_Cipher_implementation/S_box.vhd \
      EN work/S_box 1675100415
FL /home/ekorletey/Processor/cipher_processor/Present_Cipher_implementation/TopLevel.vhd 2022/12/10.10:23:29 P.20131013
EN work/TopLevel 1675100423 \
      FL /home/ekorletey/Processor/cipher_processor/Present_Cipher_implementation/TopLevel.vhd \
      PB ieee/std_logic_1164 1381692176
AR work/TopLevel/Behavioral 1675100424 \
      FL /home/ekorletey/Processor/cipher_processor/Present_Cipher_implementation/TopLevel.vhd \
      EN work/TopLevel 1675100423 CP Datapath CP key_scheduler
