V3 23
FL /home/ekorletey/Processor/cipher_processor/Present_Cipher_implementation/DataPath.vhd 2022/12/07.19:24:59 P.20131013
EN work/DataPath 1670469923 \
      FL /home/ekorletey/Processor/cipher_processor/Present_Cipher_implementation/DataPath.vhd \
      PB ieee/std_logic_1164 1381692176
AR work/DataPath/Behavioral 1670469924 \
      FL /home/ekorletey/Processor/cipher_processor/Present_Cipher_implementation/DataPath.vhd \
      EN work/DataPath 1670469923 CP MUX CP reg64 CP straight_through CP S_box \
      CP P_layer
FL /home/ekorletey/Processor/cipher_processor/Present_Cipher_implementation/MUX.vhd 2022/11/29.02:01:48 P.20131013
EN work/MUX 1670469913 \
      FL /home/ekorletey/Processor/cipher_processor/Present_Cipher_implementation/MUX.vhd \
      PB ieee/std_logic_1164 1381692176
AR work/MUX/Behavioral 1670469914 \
      FL /home/ekorletey/Processor/cipher_processor/Present_Cipher_implementation/MUX.vhd \
      EN work/MUX 1670469913
FL /home/ekorletey/Processor/cipher_processor/Present_Cipher_implementation/P_layer.vhd 2022/12/07.18:56:48 P.20131013
EN work/P_layer 1670469921 \
      FL /home/ekorletey/Processor/cipher_processor/Present_Cipher_implementation/P_layer.vhd \
      PB ieee/std_logic_1164 1381692176
AR work/P_layer/Behavioral 1670469922 \
      FL /home/ekorletey/Processor/cipher_processor/Present_Cipher_implementation/P_layer.vhd \
      EN work/P_layer 1670469921
FL /home/ekorletey/Processor/cipher_processor/Present_Cipher_implementation/reg64.vhd 2022/11/28.09:50:26 P.20131013
EN work/reg64 1670469915 \
      FL /home/ekorletey/Processor/cipher_processor/Present_Cipher_implementation/reg64.vhd \
      PB ieee/std_logic_1164 1381692176
AR work/reg64/Behavioral 1670469916 \
      FL /home/ekorletey/Processor/cipher_processor/Present_Cipher_implementation/reg64.vhd \
      EN work/reg64 1670469915
FL /home/ekorletey/Processor/cipher_processor/Present_Cipher_implementation/straight_through.vhd 2022/12/07.17:55:41 P.20131013
EN work/straight_through 1670471348 \
      FL /home/ekorletey/Processor/cipher_processor/Present_Cipher_implementation/straight_through.vhd \
      PB ieee/std_logic_1164 1381692176
AR work/straight_through/Behavioral 1670471349 \
      FL /home/ekorletey/Processor/cipher_processor/Present_Cipher_implementation/straight_through.vhd \
      EN work/straight_through 1670471348
FL /home/ekorletey/Processor/cipher_processor/Present_Cipher_implementation/S_box.vhd 2022/11/28.02:19:41 P.20131013
EN work/S_box 1670469919 \
      FL /home/ekorletey/Processor/cipher_processor/Present_Cipher_implementation/S_box.vhd \
      PB ieee/std_logic_1164 1381692176
AR work/S_box/Behavioral 1670469920 \
      FL /home/ekorletey/Processor/cipher_processor/Present_Cipher_implementation/S_box.vhd \
      EN work/S_box 1670469919
